// Jest Snapshot v1, https://goo.gl/fbAQLP

exports[`renders homepage unchanged 1`] = `
<div>
  <div
    class="main"
  >
    <h1
      class="title"
    >
      Roman Numeral Converter
    </h1>
    <input
      class="input"
      id="arabicInput"
      max="1000"
      min="1"
      name="arabic"
      placeholder="Enter number"
      type="number"
    />
    <input
      class="input"
      disabled=""
      id="romanInput"
      name="roman"
      placeholder="Roman numbers"
      type="text"
      value=""
    />
  </div>
</div>
`;
